04-26 16:37:52 com_github_MitjaNemec_ReplicateLayout.action_replicate_layout 392:Plugin executed on: 'win32'
04-26 16:37:52 com_github_MitjaNemec_ReplicateLayout.action_replicate_layout 393:Plugin executed with python version: '3.11.5 (main, Jan 19 2024, 08:13:45) [MSC v.1936 64 bit (AMD64)]'
04-26 16:37:52 com_github_MitjaNemec_ReplicateLayout.action_replicate_layout 394:KiCad build version: 8.0.1
04-26 16:37:52 com_github_MitjaNemec_ReplicateLayout.action_replicate_layout 395:Plugin version: 3.0.3
04-26 16:37:52 com_github_MitjaNemec_ReplicateLayout.action_replicate_layout 396:Frame repr: <wx._core.Frame object at 0x0000015EE9240430>
04-26 16:37:52 com_github_MitjaNemec_ReplicateLayout.action_replicate_layout 420:Preparing replicator with J8 as a reference
04-26 16:37:52 com_github_MitjaNemec_ReplicateLayout.replicate_layout 117:getting a list of all footprints on board
04-26 16:37:52 com_github_MitjaNemec_ReplicateLayout.action_replicate_layout 468:source anchor footprint is 'J8'
Located on: ['gsm', 'USBC1']
With filenames: ['gsm.kicad_sch', 'USBC.kicad_sch']
With sheet_id:['gsm', 'USBC1']
04-26 16:37:52 com_github_MitjaNemec_ReplicateLayout.action_replicate_layout 475:Corresponding footprints are 
[('J8', ['gsm', 'USBC1']), ('J3', ['USBC'])]
04-26 16:37:52 com_github_MitjaNemec_ReplicateLayout.action_replicate_layout 487:Showing dialog
04-26 16:37:52 com_github_MitjaNemec_ReplicateLayout.replicate_layout 472:constructing a list of sheets suitable for replication on level:'USBC1', file:'USBC.kicad_sch'
04-26 16:37:52 com_github_MitjaNemec_ReplicateLayout.replicate_layout 509:suitable sheets are:[['USBC']]
04-26 16:37:53 com_github_MitjaNemec_ReplicateLayout.replicate_layout 1507:Level selected: ['gsm', 'USBC1']
04-26 16:37:53 com_github_MitjaNemec_ReplicateLayout.replicate_layout 1331:Filtering list of tracks
04-26 16:37:53 com_github_MitjaNemec_ReplicateLayout.action_replicate_layout 493:Toolbar position: wx.Point(3806, 60)
04-26 16:37:53 com_github_MitjaNemec_ReplicateLayout.action_replicate_layout 498:Dialog position: wx.Point(3367, 60)
04-26 16:38:01 com_github_MitjaNemec_ReplicateLayout.replicate_layout 472:constructing a list of sheets suitable for replication on level:'gsm', file:'gsm.kicad_sch'
04-26 16:38:01 com_github_MitjaNemec_ReplicateLayout.replicate_layout 509:suitable sheets are:[]
04-26 16:38:01 com_github_MitjaNemec_ReplicateLayout.replicate_layout 1507:Level selected: ['gsm']
04-26 16:38:01 com_github_MitjaNemec_ReplicateLayout.replicate_layout 1331:Filtering list of tracks
04-26 16:38:02 com_github_MitjaNemec_ReplicateLayout.replicate_layout 472:constructing a list of sheets suitable for replication on level:'USBC1', file:'USBC.kicad_sch'
04-26 16:38:02 com_github_MitjaNemec_ReplicateLayout.replicate_layout 509:suitable sheets are:[['USBC']]
04-26 16:38:02 com_github_MitjaNemec_ReplicateLayout.replicate_layout 1507:Level selected: ['gsm', 'USBC1']
04-26 16:38:02 com_github_MitjaNemec_ReplicateLayout.replicate_layout 1331:Filtering list of tracks
04-26 16:38:12 com_github_MitjaNemec_ReplicateLayout.replicate_layout 472:constructing a list of sheets suitable for replication on level:'USBC1', file:'USBC.kicad_sch'
04-26 16:38:12 com_github_MitjaNemec_ReplicateLayout.replicate_layout 509:suitable sheets are:[['USBC']]
04-26 16:38:12 com_github_MitjaNemec_ReplicateLayout.action_replicate_layout 240:Replicating layout
04-26 16:38:12 com_github_MitjaNemec_ReplicateLayout.replicate_layout 288:Starting replication of sheets: [['USBC']]
on level: ['gsm', 'USBC1']
with tracks=True, zone=True, text=True, text=True, intersecting=False, remove=False, locked footprints=False, group_only=False
04-26 16:38:12 root 332:updating GUI message: 'Preparing for replication'
04-26 16:38:12 root 337:updating GUI with: 0
04-26 16:38:12 com_github_MitjaNemec_ReplicateLayout.replicate_layout 358:Getting the list of source footprints
04-26 16:38:12 com_github_MitjaNemec_ReplicateLayout.replicate_layout 368:Getting the list of all the remaining footprints
04-26 16:38:12 com_github_MitjaNemec_ReplicateLayout.replicate_layout 375:Getting source tracks
04-26 16:38:12 com_github_MitjaNemec_ReplicateLayout.replicate_layout 1331:Filtering list of tracks
04-26 16:38:12 com_github_MitjaNemec_ReplicateLayout.replicate_layout 379:Getting source zones
04-26 16:38:12 root 337:updating GUI with: 50
04-26 16:38:12 com_github_MitjaNemec_ReplicateLayout.replicate_layout 383:Getting source text items
04-26 16:38:12 com_github_MitjaNemec_ReplicateLayout.replicate_layout 387:Getting source drawing items
04-26 16:38:12 root 332:updating GUI message: 'Replicating footprints'
04-26 16:38:12 com_github_MitjaNemec_ReplicateLayout.replicate_layout 861:Replicating footprints
04-26 16:38:12 com_github_MitjaNemec_ReplicateLayout.replicate_layout 868:Replicating footprints on sheet ['USBC']
04-26 16:38:12 com_github_MitjaNemec_ReplicateLayout.replicate_layout 985:Src text UUid:f94ea8b1-fb80-418b-b402-82d936b840c4
04-26 16:38:12 com_github_MitjaNemec_ReplicateLayout.replicate_layout 986:Dst text UUid:8c3ee9ae-d7cd-400c-be31-5da910a2ffd3
04-26 16:38:12 com_github_MitjaNemec_ReplicateLayout.replicate_layout 985:Src text UUid:883e8fa0-f78d-41d8-8de4-36bdcec3ad48
04-26 16:38:12 com_github_MitjaNemec_ReplicateLayout.replicate_layout 986:Dst text UUid:b946a3c8-c09e-4a7c-9b7e-f02768fc4e89
04-26 16:38:12 com_github_MitjaNemec_ReplicateLayout.replicate_layout 985:Src text UUid:650975df-7b30-4d22-a356-946af003eb41
04-26 16:38:12 com_github_MitjaNemec_ReplicateLayout.replicate_layout 986:Dst text UUid:de297254-e96f-48f1-a751-accb25183f3a
04-26 16:38:12 com_github_MitjaNemec_ReplicateLayout.replicate_layout 985:Src text UUid:c8f95cfd-ad49-4ae4-b7dc-8b7733fd8861
04-26 16:38:12 com_github_MitjaNemec_ReplicateLayout.replicate_layout 986:Dst text UUid:a9bfda83-46da-466d-ac3c-8b93d7b40eb4
04-26 16:38:12 com_github_MitjaNemec_ReplicateLayout.replicate_layout 985:Src text UUid:b06b7a38-f42e-4809-a883-76c92787c4d4
04-26 16:38:12 com_github_MitjaNemec_ReplicateLayout.replicate_layout 986:Dst text UUid:887d53aa-9926-4efd-b55f-cd73ef0f9fb7
04-26 16:38:12 com_github_MitjaNemec_ReplicateLayout.replicate_layout 985:Src text UUid:a37ac7ae-fcd7-4ee0-8fab-f64de373b869
04-26 16:38:12 com_github_MitjaNemec_ReplicateLayout.replicate_layout 986:Dst text UUid:cad6c19e-8317-4df8-b482-a241d507fd36
04-26 16:38:12 root 337:updating GUI with: 42
04-26 16:38:12 com_github_MitjaNemec_ReplicateLayout.replicate_layout 985:Src text UUid:6129e996-c91c-4ea4-9162-e36d819819a1
04-26 16:38:12 com_github_MitjaNemec_ReplicateLayout.replicate_layout 986:Dst text UUid:e69f5fa5-3a9f-4a15-ab3f-a7ee877e49bb
04-26 16:38:12 com_github_MitjaNemec_ReplicateLayout.replicate_layout 985:Src text UUid:675fd962-9864-41e7-b1c1-158010fab3d6
04-26 16:38:12 com_github_MitjaNemec_ReplicateLayout.replicate_layout 986:Dst text UUid:ef0e4251-b904-437d-8697-b602ad57549b
04-26 16:38:12 com_github_MitjaNemec_ReplicateLayout.replicate_layout 985:Src text UUid:f0b97a13-4223-4f24-8cc9-849146fdcf61
04-26 16:38:12 com_github_MitjaNemec_ReplicateLayout.replicate_layout 986:Dst text UUid:c871b269-144e-41f8-8f07-0830fb57f253
04-26 16:38:12 com_github_MitjaNemec_ReplicateLayout.replicate_layout 985:Src text UUid:33e79204-6d1e-4c14-a85e-2ad3d2cce080
04-26 16:38:12 com_github_MitjaNemec_ReplicateLayout.replicate_layout 986:Dst text UUid:149ff063-192b-416d-b448-df22ba9f31a3
04-26 16:38:12 com_github_MitjaNemec_ReplicateLayout.replicate_layout 985:Src text UUid:6081c9db-f2ef-4e37-999a-bfbb13437ef1
04-26 16:38:12 com_github_MitjaNemec_ReplicateLayout.replicate_layout 986:Dst text UUid:17d413b1-e82d-4f97-ae2c-954ae03431a5
04-26 16:38:12 com_github_MitjaNemec_ReplicateLayout.replicate_layout 985:Src text UUid:ce3a4a05-1907-40e1-9159-628462dfd360
04-26 16:38:12 com_github_MitjaNemec_ReplicateLayout.replicate_layout 986:Dst text UUid:280247f3-70a9-4530-9d64-1e68e4667286
04-26 16:38:12 com_github_MitjaNemec_ReplicateLayout.replicate_layout 985:Src text UUid:c1b4787f-ba36-48a9-8686-c929e2480c28
04-26 16:38:12 com_github_MitjaNemec_ReplicateLayout.replicate_layout 986:Dst text UUid:dcdf669b-07a9-4dd1-a877-645df807b622
04-26 16:38:12 com_github_MitjaNemec_ReplicateLayout.replicate_layout 985:Src text UUid:ea1b9433-63d6-4a7a-bb6e-ab4ab70c51f6
04-26 16:38:12 com_github_MitjaNemec_ReplicateLayout.replicate_layout 986:Dst text UUid:1e304628-6327-45c8-81b3-f8868965fcc2
04-26 16:38:12 com_github_MitjaNemec_ReplicateLayout.replicate_layout 985:Src text UUid:97c5982e-89fa-48dc-ad8e-0d295918388a
04-26 16:38:12 com_github_MitjaNemec_ReplicateLayout.replicate_layout 986:Dst text UUid:948e3ee7-696b-4449-b628-4d0a66366220
04-26 16:38:12 com_github_MitjaNemec_ReplicateLayout.replicate_layout 985:Src text UUid:f4050e34-fcb1-446e-87a9-32cc8ca1d2df
04-26 16:38:12 com_github_MitjaNemec_ReplicateLayout.replicate_layout 986:Dst text UUid:71d18142-4ab2-4d7b-a4ca-1a1aad166a47
04-26 16:38:12 com_github_MitjaNemec_ReplicateLayout.replicate_layout 985:Src text UUid:5f6152ac-ea82-4b05-860c-6c235a95903a
04-26 16:38:12 com_github_MitjaNemec_ReplicateLayout.replicate_layout 986:Dst text UUid:aa6c8a7d-3edb-486e-aca0-3d49281af3e0
04-26 16:38:12 com_github_MitjaNemec_ReplicateLayout.replicate_layout 985:Src text UUid:79263cf8-5df1-4b5d-ba95-5aeafa24a66a
04-26 16:38:12 com_github_MitjaNemec_ReplicateLayout.replicate_layout 986:Dst text UUid:98aedcdc-7dce-4c2a-a0d4-246fafad01e7
04-26 16:38:12 com_github_MitjaNemec_ReplicateLayout.replicate_layout 985:Src text UUid:58f176c3-a7a1-4a51-b48e-114f9ecb4352
04-26 16:38:12 com_github_MitjaNemec_ReplicateLayout.replicate_layout 986:Dst text UUid:8fa9bffa-d2a8-4f31-887b-59339edd966d
04-26 16:38:12 com_github_MitjaNemec_ReplicateLayout.replicate_layout 985:Src text UUid:c11fd86d-6879-4206-9a39-c166dab7a8f0
04-26 16:38:12 com_github_MitjaNemec_ReplicateLayout.replicate_layout 986:Dst text UUid:e42f925a-9e71-4e9b-98eb-c8d550f1f856
04-26 16:38:12 com_github_MitjaNemec_ReplicateLayout.replicate_layout 985:Src text UUid:5ba93fb0-2cfc-4149-bf41-6abf326661fc
04-26 16:38:12 com_github_MitjaNemec_ReplicateLayout.replicate_layout 986:Dst text UUid:92642b06-030c-49ad-abe4-418dfeb29408
04-26 16:38:12 root 332:updating GUI message: 'Replicating tracks'
04-26 16:38:12 com_github_MitjaNemec_ReplicateLayout.replicate_layout 1009:Replicating tracks
04-26 16:38:12 com_github_MitjaNemec_ReplicateLayout.replicate_layout 1015:Replicating tracks on sheet ['USBC']
04-26 16:38:12 com_github_MitjaNemec_ReplicateLayout.replicate_layout 776:Significant difference between src net: ['', 'gsm', 'USBC1', 'Vout'] and dst net: ['+5V'], with src_net_depth=4, dst_net_depth=1, src_fp_depth=2, dst_fp_depth=1, match level 0.29
04-26 16:38:12 com_github_MitjaNemec_ReplicateLayout.replicate_layout 776:Significant difference between src net: ['', 'gsm', 'USBC1', 'Vout'] and dst net: ['+5V'], with src_net_depth=4, dst_net_depth=1, src_fp_depth=2, dst_fp_depth=1, match level 0.29
04-26 16:38:12 com_github_MitjaNemec_ReplicateLayout.replicate_layout 792:Net pairs for sheet ['USBC'] :[('Net-(J8-CC2)', 'Net-(J3-CC2)'), ('Net-(J8-D+-PadA6)', 'Net-(J3-D+-PadA6)'), ('Net-(J8-CC1)', 'Net-(J3-CC1)'), ('/gsm/USBC1/D-', '/USBC/D-'), ('', ''), ('/gsm/USBC1/Vout', '+5V'), ('unconnected-(J8-SBU2-PadB8)', 'unconnected-(J3-SBU2-PadB8)'), ('/gsm/USBC1/D+', '/USBC/D+'), ('Net-(F3-Pad2)', 'Net-(F1-Pad2)'), ('Net-(J8-D--PadA7)', 'Net-(J3-D--PadA7)'), ('Net-(J8-SHIELD)', 'Net-(J3-SHIELD)'), ('unconnected-(J8-SBU1-PadA8)', 'unconnected-(J3-SBU1-PadA8)'), ('GND', 'GND')]
04-26 16:38:12 root 332:updating GUI message: 'Replicating zones'
04-26 16:38:12 com_github_MitjaNemec_ReplicateLayout.replicate_layout 1079:Replicating zones
04-26 16:38:12 com_github_MitjaNemec_ReplicateLayout.replicate_layout 1086:Replicating zones on sheet ['USBC']
04-26 16:38:12 com_github_MitjaNemec_ReplicateLayout.replicate_layout 776:Significant difference between src net: ['', 'gsm', 'USBC1', 'Vout'] and dst net: ['+5V'], with src_net_depth=4, dst_net_depth=1, src_fp_depth=2, dst_fp_depth=1, match level 0.29
04-26 16:38:12 com_github_MitjaNemec_ReplicateLayout.replicate_layout 776:Significant difference between src net: ['', 'gsm', 'USBC1', 'Vout'] and dst net: ['+5V'], with src_net_depth=4, dst_net_depth=1, src_fp_depth=2, dst_fp_depth=1, match level 0.29
04-26 16:38:12 com_github_MitjaNemec_ReplicateLayout.replicate_layout 792:Net pairs for sheet ['USBC'] :[('Net-(J8-CC2)', 'Net-(J3-CC2)'), ('Net-(J8-D+-PadA6)', 'Net-(J3-D+-PadA6)'), ('Net-(J8-CC1)', 'Net-(J3-CC1)'), ('/gsm/USBC1/D-', '/USBC/D-'), ('', ''), ('/gsm/USBC1/Vout', '+5V'), ('unconnected-(J8-SBU2-PadB8)', 'unconnected-(J3-SBU2-PadB8)'), ('/gsm/USBC1/D+', '/USBC/D+'), ('Net-(F3-Pad2)', 'Net-(F1-Pad2)'), ('Net-(J8-D--PadA7)', 'Net-(J3-D--PadA7)'), ('Net-(J8-SHIELD)', 'Net-(J3-SHIELD)'), ('unconnected-(J8-SBU1-PadA8)', 'unconnected-(J3-SBU1-PadA8)'), ('GND', 'GND')]
04-26 16:38:12 root 332:updating GUI message: 'Replicating text'
04-26 16:38:12 com_github_MitjaNemec_ReplicateLayout.replicate_layout 1168:Replicating text
04-26 16:38:12 com_github_MitjaNemec_ReplicateLayout.replicate_layout 1175:Replicating text on sheet ['USBC']
04-26 16:38:12 root 332:updating GUI message: 'Replicating drawings'
04-26 16:38:12 com_github_MitjaNemec_ReplicateLayout.replicate_layout 1219:Replicating drawings
04-26 16:38:12 com_github_MitjaNemec_ReplicateLayout.replicate_layout 1225:Replicating drawings on sheet ['USBC']
04-26 16:38:12 com_github_MitjaNemec_ReplicateLayout.action_replicate_layout 256:Replication complete
04-26 16:38:12 com_github_MitjaNemec_ReplicateLayout.action_replicate_layout 259:Letting the user know there are some issues with replicated design
04-26 16:38:12 com_github_MitjaNemec_ReplicateLayout.action_replicate_layout 263:Looks like the design has an exotic connectivity that the plugin might not handle properly
 Make sure that you check the connectivity around:
Footprint U2, pad 5
Footprint F1, pad 1

